Legend:

  A - recognized idiom
  D - deleted loop
  I - callee inlined here
  L - interleaved loop
  M - multithreaded
  P - peeled loop
  S - distributed loop
  U - completely unrolled loop
  u - partially unrolled loop
  V - vectorized loop
  X - loop interchanged with enclosing loop
  Z - versioned loop for LICM
  + - additional messages below

----------

 1.           #include <stdio.h>
 2.           
 3.           #define NX 102400
 4.           
 5.           int main(void)
 6.           {
 7.               double vecA[NX], vecB[NX], vecC[NX];
 8.           
 9.               /* Initialization of the vectors */
10.               for (int i = 0; i < NX; i++) {
11.                   vecA[i] = 1.0 / ((double) (NX - i));
12.                   vecB[i] = vecA[i] * vecA[i];
13.               }
14.           
15.               // TODO: Implement vector addition vecC = vecA + vecB and use OpenMP
16.               //       for computing it in the device
17.   I 0--<>     #pragma omp target teams distribute parallel for
18. +   M---<     for (int i = 0; i < NX; i++) {
19.     M             vecC[i] = vecA[i] + vecB[i];
20.     M--->     }
21.           
22.               double sum = 0.0;
23.               /* Compute the check value */
24.               for (int i = 0; i < NX; i++) {
25.                   sum += vecC[i];
26.               }
27.               printf("Reduction sum: %18.16f\n", sum);
28.           
29.               return 0;
30.           }

----------

18. Outlined parallel region
